// Jest Snapshot v1, https://goo.gl/fbAQLP

exports[`<NavBar /> link should become active on click 1`] = `
{
  "asFragment": [Function],
  "baseElement": <body
    style="overflow: unset;"
  >
    <div>
      <nav
        class="sc-bdfCDU cJXGYm"
      >
        <a
          class="sc-gsTDqH cIkufZ"
          href="/"
        >
          New Booking
        </a>
        <a
          aria-current="page"
          class="sc-gsTDqH zgixn active"
          href="/my-bookings"
        >
          My Bookings
        </a>
      </nav>
    </div>
  </body>,
  "container": <div>
    <nav
      class="sc-bdfCDU cJXGYm"
    >
      <a
        class="sc-gsTDqH cIkufZ"
        href="/"
      >
        New Booking
      </a>
      <a
        aria-current="page"
        class="sc-gsTDqH zgixn active"
        href="/my-bookings"
      >
        My Bookings
      </a>
    </nav>
  </div>,
  "debug": [Function],
  "findAllByAltText": [Function],
  "findAllByDisplayValue": [Function],
  "findAllByLabelText": [Function],
  "findAllByPlaceholderText": [Function],
  "findAllByRole": [Function],
  "findAllByTestId": [Function],
  "findAllByText": [Function],
  "findAllByTitle": [Function],
  "findByAltText": [Function],
  "findByDisplayValue": [Function],
  "findByLabelText": [Function],
  "findByPlaceholderText": [Function],
  "findByRole": [Function],
  "findByTestId": [Function],
  "findByText": [Function],
  "findByTitle": [Function],
  "getAllByAltText": [Function],
  "getAllByDisplayValue": [Function],
  "getAllByLabelText": [Function],
  "getAllByPlaceholderText": [Function],
  "getAllByRole": [Function],
  "getAllByTestId": [Function],
  "getAllByText": [Function],
  "getAllByTitle": [Function],
  "getByAltText": [Function],
  "getByDisplayValue": [Function],
  "getByLabelText": [Function],
  "getByPlaceholderText": [Function],
  "getByRole": [Function],
  "getByTestId": [Function],
  "getByText": [Function],
  "getByTitle": [Function],
  "queryAllByAltText": [Function],
  "queryAllByDisplayValue": [Function],
  "queryAllByLabelText": [Function],
  "queryAllByPlaceholderText": [Function],
  "queryAllByRole": [Function],
  "queryAllByTestId": [Function],
  "queryAllByText": [Function],
  "queryAllByTitle": [Function],
  "queryByAltText": [Function],
  "queryByDisplayValue": [Function],
  "queryByLabelText": [Function],
  "queryByPlaceholderText": [Function],
  "queryByRole": [Function],
  "queryByTestId": [Function],
  "queryByText": [Function],
  "queryByTitle": [Function],
  "rerender": [Function],
  "unmount": [Function],
}
`;

exports[`<NavBar /> should render correctly 1`] = `
{
  "asFragment": [Function],
  "baseElement": <body
    style="overflow: unset;"
  >
    <div>
      <nav
        class="sc-bdfCDU cJXGYm"
      >
        <a
          aria-current="page"
          class="sc-gsTDqH zgixn active"
          href="/"
        >
          New Booking
        </a>
        <a
          class="sc-gsTDqH cIkufZ"
          href="/my-bookings"
        >
          My Bookings
        </a>
      </nav>
    </div>
  </body>,
  "container": <div>
    <nav
      class="sc-bdfCDU cJXGYm"
    >
      <a
        aria-current="page"
        class="sc-gsTDqH zgixn active"
        href="/"
      >
        New Booking
      </a>
      <a
        class="sc-gsTDqH cIkufZ"
        href="/my-bookings"
      >
        My Bookings
      </a>
    </nav>
  </div>,
  "debug": [Function],
  "findAllByAltText": [Function],
  "findAllByDisplayValue": [Function],
  "findAllByLabelText": [Function],
  "findAllByPlaceholderText": [Function],
  "findAllByRole": [Function],
  "findAllByTestId": [Function],
  "findAllByText": [Function],
  "findAllByTitle": [Function],
  "findByAltText": [Function],
  "findByDisplayValue": [Function],
  "findByLabelText": [Function],
  "findByPlaceholderText": [Function],
  "findByRole": [Function],
  "findByTestId": [Function],
  "findByText": [Function],
  "findByTitle": [Function],
  "getAllByAltText": [Function],
  "getAllByDisplayValue": [Function],
  "getAllByLabelText": [Function],
  "getAllByPlaceholderText": [Function],
  "getAllByRole": [Function],
  "getAllByTestId": [Function],
  "getAllByText": [Function],
  "getAllByTitle": [Function],
  "getByAltText": [Function],
  "getByDisplayValue": [Function],
  "getByLabelText": [Function],
  "getByPlaceholderText": [Function],
  "getByRole": [Function],
  "getByTestId": [Function],
  "getByText": [Function],
  "getByTitle": [Function],
  "queryAllByAltText": [Function],
  "queryAllByDisplayValue": [Function],
  "queryAllByLabelText": [Function],
  "queryAllByPlaceholderText": [Function],
  "queryAllByRole": [Function],
  "queryAllByTestId": [Function],
  "queryAllByText": [Function],
  "queryAllByTitle": [Function],
  "queryByAltText": [Function],
  "queryByDisplayValue": [Function],
  "queryByLabelText": [Function],
  "queryByPlaceholderText": [Function],
  "queryByRole": [Function],
  "queryByTestId": [Function],
  "queryByText": [Function],
  "queryByTitle": [Function],
  "rerender": [Function],
  "unmount": [Function],
}
`;
