// Jest Snapshot v1, https://goo.gl/fbAQLP

exports[`<ConfirmedBooking /> should render correctly 1`] = `
{
  "asFragment": [Function],
  "baseElement": <body
    style="overflow: unset;"
  >
    <div>
      <nav
        class="sc-fubDmA jSFNkN"
      >
        <a
          aria-current="page"
          class="sc-pGaPU kpubXZ active"
          href="/"
        >
          New Booking
        </a>
        <a
          class="sc-pGaPU zBnL"
          href="/my-bookings"
        >
          My Bookings
        </a>
      </nav>
      <div
        class="sc-bqyKbq gCCXA-D"
      >
        <img
          alt="confirmed image"
          class="sc-eCstZk cgIxof"
          data-testid="image"
        />
        <div
          class="sc-kfzCjt KTkhM"
        >
          <p>
            Sorry, we couldn't identify your booking. However, you can make a new one
          </p>
          <button
            class="sc-jrAGKZ fjUZsQ"
          >
            New Booking
          </button>
        </div>
      </div>
    </div>
  </body>,
  "container": <div>
    <nav
      class="sc-fubDmA jSFNkN"
    >
      <a
        aria-current="page"
        class="sc-pGaPU kpubXZ active"
        href="/"
      >
        New Booking
      </a>
      <a
        class="sc-pGaPU zBnL"
        href="/my-bookings"
      >
        My Bookings
      </a>
    </nav>
    <div
      class="sc-bqyKbq gCCXA-D"
    >
      <img
        alt="confirmed image"
        class="sc-eCstZk cgIxof"
        data-testid="image"
      />
      <div
        class="sc-kfzCjt KTkhM"
      >
        <p>
          Sorry, we couldn't identify your booking. However, you can make a new one
        </p>
        <button
          class="sc-jrAGKZ fjUZsQ"
        >
          New Booking
        </button>
      </div>
    </div>
  </div>,
  "debug": [Function],
  "findAllByAltText": [Function],
  "findAllByDisplayValue": [Function],
  "findAllByLabelText": [Function],
  "findAllByPlaceholderText": [Function],
  "findAllByRole": [Function],
  "findAllByTestId": [Function],
  "findAllByText": [Function],
  "findAllByTitle": [Function],
  "findByAltText": [Function],
  "findByDisplayValue": [Function],
  "findByLabelText": [Function],
  "findByPlaceholderText": [Function],
  "findByRole": [Function],
  "findByTestId": [Function],
  "findByText": [Function],
  "findByTitle": [Function],
  "getAllByAltText": [Function],
  "getAllByDisplayValue": [Function],
  "getAllByLabelText": [Function],
  "getAllByPlaceholderText": [Function],
  "getAllByRole": [Function],
  "getAllByTestId": [Function],
  "getAllByText": [Function],
  "getAllByTitle": [Function],
  "getByAltText": [Function],
  "getByDisplayValue": [Function],
  "getByLabelText": [Function],
  "getByPlaceholderText": [Function],
  "getByRole": [Function],
  "getByTestId": [Function],
  "getByText": [Function],
  "getByTitle": [Function],
  "queryAllByAltText": [Function],
  "queryAllByDisplayValue": [Function],
  "queryAllByLabelText": [Function],
  "queryAllByPlaceholderText": [Function],
  "queryAllByRole": [Function],
  "queryAllByTestId": [Function],
  "queryAllByText": [Function],
  "queryAllByTitle": [Function],
  "queryByAltText": [Function],
  "queryByDisplayValue": [Function],
  "queryByLabelText": [Function],
  "queryByPlaceholderText": [Function],
  "queryByRole": [Function],
  "queryByTestId": [Function],
  "queryByText": [Function],
  "queryByTitle": [Function],
  "rerender": [Function],
  "unmount": [Function],
}
`;
